Traceback (most recent call last):
  File "/project/imoskowitz/yubin/Lineage_Tree_Construction/batch_scripts/tree_plot/plot_custom_tree.py", line 1, in <module>
    import scanpy as sc
  File "/project/imoskowitz/yubin/envs/Lineage_Tracing/lib/python3.10/site-packages/scanpy/__init__.py", line 11, in <module>
    from ._settings import Verbosity, settings
  File "/project/imoskowitz/yubin/envs/Lineage_Tracing/lib/python3.10/site-packages/scanpy/_settings/__init__.py", line 10, in <module>
    from .. import logging
  File "/project/imoskowitz/yubin/envs/Lineage_Tracing/lib/python3.10/site-packages/scanpy/logging.py", line 13, in <module>
    import anndata.logging
  File "/project/imoskowitz/yubin/envs/Lineage_Tracing/lib/python3.10/site-packages/anndata/__init__.py", line 19, in <module>
    from ._core.anndata import AnnData
  File "/project/imoskowitz/yubin/envs/Lineage_Tracing/lib/python3.10/site-packages/anndata/_core/anndata.py", line 18, in <module>
    import pandas as pd
  File "/project/imoskowitz/yubin/envs/Lineage_Tracing/lib/python3.10/site-packages/pandas/__init__.py", line 49, in <module>
    from pandas.core.api import (
  File "/project/imoskowitz/yubin/envs/Lineage_Tracing/lib/python3.10/site-packages/pandas/core/api.py", line 47, in <module>
    from pandas.core.groupby import (
  File "/project/imoskowitz/yubin/envs/Lineage_Tracing/lib/python3.10/site-packages/pandas/core/groupby/__init__.py", line 1, in <module>
    from pandas.core.groupby.generic import (
  File "/project/imoskowitz/yubin/envs/Lineage_Tracing/lib/python3.10/site-packages/pandas/core/groupby/generic.py", line 68, in <module>
    from pandas.core.frame import DataFrame
  File "/project/imoskowitz/yubin/envs/Lineage_Tracing/lib/python3.10/site-packages/pandas/core/frame.py", line 153, in <module>
    from pandas.core.generic import (
  File "/project/imoskowitz/yubin/envs/Lineage_Tracing/lib/python3.10/site-packages/pandas/core/generic.py", line 196, in <module>
    from pandas.core.window import (
  File "/project/imoskowitz/yubin/envs/Lineage_Tracing/lib/python3.10/site-packages/pandas/core/window/__init__.py", line 1, in <module>
    from pandas.core.window.ewm import (
  File "/project/imoskowitz/yubin/envs/Lineage_Tracing/lib/python3.10/site-packages/pandas/core/window/ewm.py", line 11, in <module>
    import pandas._libs.window.aggregations as window_aggregations
ImportError: /lib64/libstdc++.so.6: version `GLIBCXX_3.4.29' not found (required by /project/imoskowitz/yubin/envs/Lineage_Tracing/lib/python3.10/site-packages/pandas/_libs/window/aggregations.cpython-310-x86_64-linux-gnu.so)
